{
  "id" : 4,
  "nome" : "New",
  "descrizione" : "Nuovo documento",
  "data" : "2024-01-01"
}