[ {
  "id" : 1,
  "nome" : "Contratto",
  "descrizione" : "Contratto tra le parti per sottoscrizione conto corrente",
  "data" : "2024-01-01",
  "updateBy" : "writer-1"
}, {
  "id" : 2,
  "nome" : "Recesso",
  "descrizione" : "Norme per il recesso",
  "data" : "2024-01-01",
  "updateBy" : "writer-1"
}, {
  "id" : 3,
  "nome" : "Appendice",
  "descrizione" : "Appendice al contratto di sottoscrizione",
  "data" : "2024-01-01",
  "updateBy" : "writer-1"
} ]