{
  "id" : 4,
  "nome" : "Documento null",
  "descrizione" : "Descrizione Documento null",
  "data" : "2024-02-23",
  "updateBy" : "ugo"
}