[ {
  "id" : 0,
  "nome" : "Contratto",
  "descrizione" : "Contratto tra le parti per sottoscrizione conto corrente",
  "data" : "2024-01-01"
}, {
  "id" : 1,
  "nome" : "Recesso",
  "descrizione" : "Norme per il recesso",
  "data" : "2024-01-01"
}, {
  "id" : 2,
  "nome" : "Appendice",
  "descrizione" : "Appendice al contratto di sottoscrizione",
  "data" : "2024-01-01"
} ]