{
  "id" : 1,
  "nome" : "Recesso",
  "descrizione" : "Norme per il recesso",
  "data" : "2024-01-01"
}